mode: set
github.com/RUDRA-PRATAP-SINGH01/Distributed-Rate-Limiter/cmd/sidecar/main.go:86.12,88.16 2 1
github.com/RUDRA-PRATAP-SINGH01/Distributed-Rate-Limiter/cmd/sidecar/main.go:88.16,90.3 1 0
github.com/RUDRA-PRATAP-SINGH01/Distributed-Rate-Limiter/cmd/sidecar/main.go:91.2,108.3 1 1
github.com/RUDRA-PRATAP-SINGH01/Distributed-Rate-Limiter/cmd/sidecar/main.go:111.82,113.12 2 1
github.com/RUDRA-PRATAP-SINGH01/Distributed-Rate-Limiter/cmd/sidecar/main.go:113.12,114.7 1 1
github.com/RUDRA-PRATAP-SINGH01/Distributed-Rate-Limiter/cmd/sidecar/main.go:114.7,115.11 1 1
github.com/RUDRA-PRATAP-SINGH01/Distributed-Rate-Limiter/cmd/sidecar/main.go:116.20,118.53 2 1
github.com/RUDRA-PRATAP-SINGH01/Distributed-Rate-Limiter/cmd/sidecar/main.go:118.53,120.42 2 1
github.com/RUDRA-PRATAP-SINGH01/Distributed-Rate-Limiter/cmd/sidecar/main.go:120.42,122.7 1 1
github.com/RUDRA-PRATAP-SINGH01/Distributed-Rate-Limiter/cmd/sidecar/main.go:123.6,123.17 1 1
github.com/RUDRA-PRATAP-SINGH01/Distributed-Rate-Limiter/cmd/sidecar/main.go:125.22,127.11 2 1
github.com/RUDRA-PRATAP-SINGH01/Distributed-Rate-Limiter/cmd/sidecar/main.go:133.83,136.2 2 0
github.com/RUDRA-PRATAP-SINGH01/Distributed-Rate-Limiter/cmd/sidecar/main.go:138.53,140.2 1 0
github.com/RUDRA-PRATAP-SINGH01/Distributed-Rate-Limiter/cmd/sidecar/main.go:142.64,144.2 1 1
github.com/RUDRA-PRATAP-SINGH01/Distributed-Rate-Limiter/cmd/sidecar/main.go:146.52,147.61 1 0
github.com/RUDRA-PRATAP-SINGH01/Distributed-Rate-Limiter/cmd/sidecar/main.go:147.61,149.3 1 0
github.com/RUDRA-PRATAP-SINGH01/Distributed-Rate-Limiter/cmd/sidecar/main.go:150.2,150.64 1 0
github.com/RUDRA-PRATAP-SINGH01/Distributed-Rate-Limiter/cmd/sidecar/main.go:150.64,152.3 1 0
github.com/RUDRA-PRATAP-SINGH01/Distributed-Rate-Limiter/cmd/sidecar/main.go:153.2,153.18 1 0
github.com/RUDRA-PRATAP-SINGH01/Distributed-Rate-Limiter/cmd/sidecar/main.go:156.62,157.13 1 1
github.com/RUDRA-PRATAP-SINGH01/Distributed-Rate-Limiter/cmd/sidecar/main.go:157.13,159.3 1 1
github.com/RUDRA-PRATAP-SINGH01/Distributed-Rate-Limiter/cmd/sidecar/main.go:164.67,165.24 1 1
github.com/RUDRA-PRATAP-SINGH01/Distributed-Rate-Limiter/cmd/sidecar/main.go:165.24,167.3 1 1
github.com/RUDRA-PRATAP-SINGH01/Distributed-Rate-Limiter/cmd/sidecar/main.go:168.2,169.20 2 1
github.com/RUDRA-PRATAP-SINGH01/Distributed-Rate-Limiter/cmd/sidecar/main.go:169.20,171.3 1 1
github.com/RUDRA-PRATAP-SINGH01/Distributed-Rate-Limiter/cmd/sidecar/main.go:172.2,172.20 1 1
github.com/RUDRA-PRATAP-SINGH01/Distributed-Rate-Limiter/cmd/sidecar/main.go:172.20,174.3 1 1
github.com/RUDRA-PRATAP-SINGH01/Distributed-Rate-Limiter/cmd/sidecar/main.go:175.2,175.51 1 1
github.com/RUDRA-PRATAP-SINGH01/Distributed-Rate-Limiter/cmd/sidecar/main.go:178.49,179.30 1 1
github.com/RUDRA-PRATAP-SINGH01/Distributed-Rate-Limiter/cmd/sidecar/main.go:179.30,181.3 1 0
github.com/RUDRA-PRATAP-SINGH01/Distributed-Rate-Limiter/cmd/sidecar/main.go:182.2,182.40 1 1
github.com/RUDRA-PRATAP-SINGH01/Distributed-Rate-Limiter/cmd/sidecar/main.go:182.40,183.95 1 1
github.com/RUDRA-PRATAP-SINGH01/Distributed-Rate-Limiter/cmd/sidecar/main.go:183.95,185.4 1 1
github.com/RUDRA-PRATAP-SINGH01/Distributed-Rate-Limiter/cmd/sidecar/main.go:187.2,187.14 1 0
github.com/RUDRA-PRATAP-SINGH01/Distributed-Rate-Limiter/cmd/sidecar/main.go:190.69,191.57 1 1
github.com/RUDRA-PRATAP-SINGH01/Distributed-Rate-Limiter/cmd/sidecar/main.go:191.57,194.3 2 0
github.com/RUDRA-PRATAP-SINGH01/Distributed-Rate-Limiter/cmd/sidecar/main.go:196.2,196.32 1 1
github.com/RUDRA-PRATAP-SINGH01/Distributed-Rate-Limiter/cmd/sidecar/main.go:196.32,199.3 2 0
github.com/RUDRA-PRATAP-SINGH01/Distributed-Rate-Limiter/cmd/sidecar/main.go:201.2,202.16 2 1
github.com/RUDRA-PRATAP-SINGH01/Distributed-Rate-Limiter/cmd/sidecar/main.go:202.16,205.3 2 1
github.com/RUDRA-PRATAP-SINGH01/Distributed-Rate-Limiter/cmd/sidecar/main.go:207.2,208.85 2 1
github.com/RUDRA-PRATAP-SINGH01/Distributed-Rate-Limiter/cmd/sidecar/main.go:208.85,211.3 2 0
github.com/RUDRA-PRATAP-SINGH01/Distributed-Rate-Limiter/cmd/sidecar/main.go:213.2,213.29 1 1
github.com/RUDRA-PRATAP-SINGH01/Distributed-Rate-Limiter/cmd/sidecar/main.go:216.99,225.57 5 0
github.com/RUDRA-PRATAP-SINGH01/Distributed-Rate-Limiter/cmd/sidecar/main.go:225.57,228.3 2 0
github.com/RUDRA-PRATAP-SINGH01/Distributed-Rate-Limiter/cmd/sidecar/main.go:230.2,231.16 2 0
github.com/RUDRA-PRATAP-SINGH01/Distributed-Rate-Limiter/cmd/sidecar/main.go:231.16,232.41 1 0
github.com/RUDRA-PRATAP-SINGH01/Distributed-Rate-Limiter/cmd/sidecar/main.go:232.41,235.4 2 0
github.com/RUDRA-PRATAP-SINGH01/Distributed-Rate-Limiter/cmd/sidecar/main.go:236.3,237.9 2 0
github.com/RUDRA-PRATAP-SINGH01/Distributed-Rate-Limiter/cmd/sidecar/main.go:240.2,244.16 4 0
github.com/RUDRA-PRATAP-SINGH01/Distributed-Rate-Limiter/cmd/sidecar/main.go:244.16,246.32 2 0
github.com/RUDRA-PRATAP-SINGH01/Distributed-Rate-Limiter/cmd/sidecar/main.go:246.32,250.4 3 0
github.com/RUDRA-PRATAP-SINGH01/Distributed-Rate-Limiter/cmd/sidecar/main.go:251.3,252.9 2 0
github.com/RUDRA-PRATAP-SINGH01/Distributed-Rate-Limiter/cmd/sidecar/main.go:255.2,255.22 1 0
github.com/RUDRA-PRATAP-SINGH01/Distributed-Rate-Limiter/cmd/sidecar/main.go:256.32,259.9 3 0
github.com/RUDRA-PRATAP-SINGH01/Distributed-Rate-Limiter/cmd/sidecar/main.go:260.68,262.9 2 0
github.com/RUDRA-PRATAP-SINGH01/Distributed-Rate-Limiter/cmd/sidecar/main.go:263.33,264.50 1 0
github.com/RUDRA-PRATAP-SINGH01/Distributed-Rate-Limiter/cmd/sidecar/main.go:265.10,267.9 2 0
github.com/RUDRA-PRATAP-SINGH01/Distributed-Rate-Limiter/cmd/sidecar/main.go:270.2,271.16 2 0
github.com/RUDRA-PRATAP-SINGH01/Distributed-Rate-Limiter/cmd/sidecar/main.go:271.16,273.17 2 0
github.com/RUDRA-PRATAP-SINGH01/Distributed-Rate-Limiter/cmd/sidecar/main.go:273.17,276.4 2 0
github.com/RUDRA-PRATAP-SINGH01/Distributed-Rate-Limiter/cmd/sidecar/main.go:277.3,281.9 3 0
github.com/RUDRA-PRATAP-SINGH01/Distributed-Rate-Limiter/cmd/sidecar/main.go:284.2,284.21 1 0
github.com/RUDRA-PRATAP-SINGH01/Distributed-Rate-Limiter/cmd/sidecar/main.go:284.21,290.3 5 0
github.com/RUDRA-PRATAP-SINGH01/Distributed-Rate-Limiter/cmd/sidecar/main.go:292.2,294.61 3 0
github.com/RUDRA-PRATAP-SINGH01/Distributed-Rate-Limiter/cmd/sidecar/main.go:297.112,299.21 2 0
github.com/RUDRA-PRATAP-SINGH01/Distributed-Rate-Limiter/cmd/sidecar/main.go:299.21,301.74 2 0
github.com/RUDRA-PRATAP-SINGH01/Distributed-Rate-Limiter/cmd/sidecar/main.go:301.74,308.4 4 0
github.com/RUDRA-PRATAP-SINGH01/Distributed-Rate-Limiter/cmd/sidecar/main.go:309.8,313.3 3 0
github.com/RUDRA-PRATAP-SINGH01/Distributed-Rate-Limiter/cmd/sidecar/main.go:314.2,315.121 2 0
github.com/RUDRA-PRATAP-SINGH01/Distributed-Rate-Limiter/cmd/sidecar/main.go:318.148,327.2 1 0
github.com/RUDRA-PRATAP-SINGH01/Distributed-Rate-Limiter/cmd/sidecar/main.go:329.144,338.2 1 0
github.com/RUDRA-PRATAP-SINGH01/Distributed-Rate-Limiter/cmd/sidecar/main.go:340.86,352.43 7 1
github.com/RUDRA-PRATAP-SINGH01/Distributed-Rate-Limiter/cmd/sidecar/main.go:352.43,354.41 2 1
github.com/RUDRA-PRATAP-SINGH01/Distributed-Rate-Limiter/cmd/sidecar/main.go:354.41,355.22 1 1
github.com/RUDRA-PRATAP-SINGH01/Distributed-Rate-Limiter/cmd/sidecar/main.go:355.22,362.5 4 1
github.com/RUDRA-PRATAP-SINGH01/Distributed-Rate-Limiter/cmd/sidecar/main.go:363.4,363.84 1 1
github.com/RUDRA-PRATAP-SINGH01/Distributed-Rate-Limiter/cmd/sidecar/main.go:364.9,366.4 1 1
github.com/RUDRA-PRATAP-SINGH01/Distributed-Rate-Limiter/cmd/sidecar/main.go:367.8,369.3 1 1
github.com/RUDRA-PRATAP-SINGH01/Distributed-Rate-Limiter/cmd/sidecar/main.go:371.2,374.78 2 1
github.com/RUDRA-PRATAP-SINGH01/Distributed-Rate-Limiter/cmd/sidecar/main.go:374.78,376.3 1 1
github.com/RUDRA-PRATAP-SINGH01/Distributed-Rate-Limiter/cmd/sidecar/main.go:377.2,377.16 1 1
github.com/RUDRA-PRATAP-SINGH01/Distributed-Rate-Limiter/cmd/sidecar/main.go:377.16,379.17 2 1
github.com/RUDRA-PRATAP-SINGH01/Distributed-Rate-Limiter/cmd/sidecar/main.go:379.17,383.4 3 1
github.com/RUDRA-PRATAP-SINGH01/Distributed-Rate-Limiter/cmd/sidecar/main.go:384.3,385.9 2 1
github.com/RUDRA-PRATAP-SINGH01/Distributed-Rate-Limiter/cmd/sidecar/main.go:388.2,397.21 3 1
github.com/RUDRA-PRATAP-SINGH01/Distributed-Rate-Limiter/cmd/sidecar/main.go:397.21,400.3 2 1
github.com/RUDRA-PRATAP-SINGH01/Distributed-Rate-Limiter/cmd/sidecar/main.go:402.2,403.24 2 1
github.com/RUDRA-PRATAP-SINGH01/Distributed-Rate-Limiter/cmd/sidecar/main.go:406.86,409.2 2 1
github.com/RUDRA-PRATAP-SINGH01/Distributed-Rate-Limiter/cmd/sidecar/main.go:411.95,413.22 2 1
github.com/RUDRA-PRATAP-SINGH01/Distributed-Rate-Limiter/cmd/sidecar/main.go:413.22,415.3 1 1
github.com/RUDRA-PRATAP-SINGH01/Distributed-Rate-Limiter/cmd/sidecar/main.go:416.2,416.64 1 1
github.com/RUDRA-PRATAP-SINGH01/Distributed-Rate-Limiter/cmd/sidecar/main.go:419.131,431.15 5 1
github.com/RUDRA-PRATAP-SINGH01/Distributed-Rate-Limiter/cmd/sidecar/main.go:431.15,432.30 1 1
github.com/RUDRA-PRATAP-SINGH01/Distributed-Rate-Limiter/cmd/sidecar/main.go:432.30,434.4 1 0
github.com/RUDRA-PRATAP-SINGH01/Distributed-Rate-Limiter/cmd/sidecar/main.go:435.3,436.79 2 1
github.com/RUDRA-PRATAP-SINGH01/Distributed-Rate-Limiter/cmd/sidecar/main.go:439.2,439.29 1 1
github.com/RUDRA-PRATAP-SINGH01/Distributed-Rate-Limiter/cmd/sidecar/main.go:439.29,441.17 2 1
github.com/RUDRA-PRATAP-SINGH01/Distributed-Rate-Limiter/cmd/sidecar/main.go:441.17,442.43 1 1
github.com/RUDRA-PRATAP-SINGH01/Distributed-Rate-Limiter/cmd/sidecar/main.go:442.43,446.5 3 1
github.com/RUDRA-PRATAP-SINGH01/Distributed-Rate-Limiter/cmd/sidecar/main.go:447.9,447.28 1 1
github.com/RUDRA-PRATAP-SINGH01/Distributed-Rate-Limiter/cmd/sidecar/main.go:447.28,451.4 3 1
github.com/RUDRA-PRATAP-SINGH01/Distributed-Rate-Limiter/cmd/sidecar/main.go:454.2,458.22 4 1
github.com/RUDRA-PRATAP-SINGH01/Distributed-Rate-Limiter/cmd/sidecar/main.go:458.22,460.3 1 0
github.com/RUDRA-PRATAP-SINGH01/Distributed-Rate-Limiter/cmd/sidecar/main.go:462.2,462.23 1 1
github.com/RUDRA-PRATAP-SINGH01/Distributed-Rate-Limiter/cmd/sidecar/main.go:462.23,464.21 2 1
github.com/RUDRA-PRATAP-SINGH01/Distributed-Rate-Limiter/cmd/sidecar/main.go:464.21,466.4 1 0
github.com/RUDRA-PRATAP-SINGH01/Distributed-Rate-Limiter/cmd/sidecar/main.go:467.3,473.76 2 1
github.com/RUDRA-PRATAP-SINGH01/Distributed-Rate-Limiter/cmd/sidecar/main.go:474.8,476.23 2 1
github.com/RUDRA-PRATAP-SINGH01/Distributed-Rate-Limiter/cmd/sidecar/main.go:476.23,478.4 1 0
github.com/RUDRA-PRATAP-SINGH01/Distributed-Rate-Limiter/cmd/sidecar/main.go:479.3,479.76 1 1
github.com/RUDRA-PRATAP-SINGH01/Distributed-Rate-Limiter/cmd/sidecar/main.go:481.2,481.16 1 1
github.com/RUDRA-PRATAP-SINGH01/Distributed-Rate-Limiter/cmd/sidecar/main.go:481.16,484.3 2 0
github.com/RUDRA-PRATAP-SINGH01/Distributed-Rate-Limiter/cmd/sidecar/main.go:487.2,488.28 2 1
github.com/RUDRA-PRATAP-SINGH01/Distributed-Rate-Limiter/cmd/sidecar/main.go:488.28,490.3 1 1
github.com/RUDRA-PRATAP-SINGH01/Distributed-Rate-Limiter/cmd/sidecar/main.go:491.2,491.61 1 1
github.com/RUDRA-PRATAP-SINGH01/Distributed-Rate-Limiter/cmd/sidecar/main.go:491.61,493.3 1 1
github.com/RUDRA-PRATAP-SINGH01/Distributed-Rate-Limiter/cmd/sidecar/main.go:493.8,493.71 1 1
github.com/RUDRA-PRATAP-SINGH01/Distributed-Rate-Limiter/cmd/sidecar/main.go:493.71,495.3 1 0
github.com/RUDRA-PRATAP-SINGH01/Distributed-Rate-Limiter/cmd/sidecar/main.go:497.2,498.16 2 1
github.com/RUDRA-PRATAP-SINGH01/Distributed-Rate-Limiter/cmd/sidecar/main.go:498.16,502.3 3 1
github.com/RUDRA-PRATAP-SINGH01/Distributed-Rate-Limiter/cmd/sidecar/main.go:503.2,509.60 5 1
github.com/RUDRA-PRATAP-SINGH01/Distributed-Rate-Limiter/cmd/sidecar/main.go:509.60,511.3 1 1
github.com/RUDRA-PRATAP-SINGH01/Distributed-Rate-Limiter/cmd/sidecar/main.go:512.2,513.64 2 1
github.com/RUDRA-PRATAP-SINGH01/Distributed-Rate-Limiter/cmd/sidecar/main.go:513.64,515.3 1 1
github.com/RUDRA-PRATAP-SINGH01/Distributed-Rate-Limiter/cmd/sidecar/main.go:516.2,518.51 2 1
github.com/RUDRA-PRATAP-SINGH01/Distributed-Rate-Limiter/cmd/sidecar/main.go:518.51,521.3 2 1
github.com/RUDRA-PRATAP-SINGH01/Distributed-Rate-Limiter/cmd/sidecar/main.go:522.2,522.38 1 1
github.com/RUDRA-PRATAP-SINGH01/Distributed-Rate-Limiter/cmd/sidecar/main.go:522.38,527.3 4 1
github.com/RUDRA-PRATAP-SINGH01/Distributed-Rate-Limiter/cmd/sidecar/main.go:529.2,532.65 2 1
github.com/RUDRA-PRATAP-SINGH01/Distributed-Rate-Limiter/cmd/sidecar/main.go:532.65,534.3 1 1
github.com/RUDRA-PRATAP-SINGH01/Distributed-Rate-Limiter/cmd/sidecar/main.go:535.2,536.108 2 1
github.com/RUDRA-PRATAP-SINGH01/Distributed-Rate-Limiter/cmd/sidecar/main.go:539.74,546.21 4 1
github.com/RUDRA-PRATAP-SINGH01/Distributed-Rate-Limiter/cmd/sidecar/main.go:546.21,548.59 2 0
github.com/RUDRA-PRATAP-SINGH01/Distributed-Rate-Limiter/cmd/sidecar/main.go:548.59,552.4 3 0
github.com/RUDRA-PRATAP-SINGH01/Distributed-Rate-Limiter/cmd/sidecar/main.go:553.3,553.9 1 0
github.com/RUDRA-PRATAP-SINGH01/Distributed-Rate-Limiter/cmd/sidecar/main.go:556.2,558.25 3 1
github.com/RUDRA-PRATAP-SINGH01/Distributed-Rate-Limiter/cmd/sidecar/main.go:561.55,562.19 1 0
github.com/RUDRA-PRATAP-SINGH01/Distributed-Rate-Limiter/cmd/sidecar/main.go:562.19,564.3 1 0
github.com/RUDRA-PRATAP-SINGH01/Distributed-Rate-Limiter/cmd/sidecar/main.go:565.2,566.16 2 0
github.com/RUDRA-PRATAP-SINGH01/Distributed-Rate-Limiter/cmd/sidecar/main.go:566.16,568.3 1 0
github.com/RUDRA-PRATAP-SINGH01/Distributed-Rate-Limiter/cmd/sidecar/main.go:569.2,570.18 2 0
github.com/RUDRA-PRATAP-SINGH01/Distributed-Rate-Limiter/cmd/sidecar/main.go:573.45,574.15 1 0
github.com/RUDRA-PRATAP-SINGH01/Distributed-Rate-Limiter/cmd/sidecar/main.go:574.15,576.3 1 0
github.com/RUDRA-PRATAP-SINGH01/Distributed-Rate-Limiter/cmd/sidecar/main.go:577.2,579.26 3 0
github.com/RUDRA-PRATAP-SINGH01/Distributed-Rate-Limiter/cmd/sidecar/main.go:579.26,581.14 2 0
github.com/RUDRA-PRATAP-SINGH01/Distributed-Rate-Limiter/cmd/sidecar/main.go:581.14,583.4 1 0
github.com/RUDRA-PRATAP-SINGH01/Distributed-Rate-Limiter/cmd/sidecar/main.go:585.2,585.12 1 0
github.com/RUDRA-PRATAP-SINGH01/Distributed-Rate-Limiter/cmd/sidecar/main.go:588.67,589.22 1 0
github.com/RUDRA-PRATAP-SINGH01/Distributed-Rate-Limiter/cmd/sidecar/main.go:589.22,591.3 1 0
github.com/RUDRA-PRATAP-SINGH01/Distributed-Rate-Limiter/cmd/sidecar/main.go:592.2,592.20 1 0
github.com/RUDRA-PRATAP-SINGH01/Distributed-Rate-Limiter/cmd/sidecar/main.go:595.13,598.19 3 0
github.com/RUDRA-PRATAP-SINGH01/Distributed-Rate-Limiter/cmd/sidecar/main.go:598.19,600.3 1 0
github.com/RUDRA-PRATAP-SINGH01/Distributed-Rate-Limiter/cmd/sidecar/main.go:601.2,601.61 1 0
github.com/RUDRA-PRATAP-SINGH01/Distributed-Rate-Limiter/cmd/sidecar/main.go:601.61,603.3 1 0
github.com/RUDRA-PRATAP-SINGH01/Distributed-Rate-Limiter/cmd/sidecar/main.go:605.2,607.16 3 0
github.com/RUDRA-PRATAP-SINGH01/Distributed-Rate-Limiter/cmd/sidecar/main.go:607.16,609.3 1 0
github.com/RUDRA-PRATAP-SINGH01/Distributed-Rate-Limiter/cmd/sidecar/main.go:610.2,610.15 1 0
github.com/RUDRA-PRATAP-SINGH01/Distributed-Rate-Limiter/cmd/sidecar/main.go:610.15,611.60 1 0
github.com/RUDRA-PRATAP-SINGH01/Distributed-Rate-Limiter/cmd/sidecar/main.go:611.60,613.4 1 0
github.com/RUDRA-PRATAP-SINGH01/Distributed-Rate-Limiter/cmd/sidecar/main.go:616.2,617.49 2 0
github.com/RUDRA-PRATAP-SINGH01/Distributed-Rate-Limiter/cmd/sidecar/main.go:617.49,618.57 1 0
github.com/RUDRA-PRATAP-SINGH01/Distributed-Rate-Limiter/cmd/sidecar/main.go:618.57,620.4 1 0
github.com/RUDRA-PRATAP-SINGH01/Distributed-Rate-Limiter/cmd/sidecar/main.go:623.2,624.14 2 0
github.com/RUDRA-PRATAP-SINGH01/Distributed-Rate-Limiter/cmd/sidecar/main.go:624.14,626.3 1 0
github.com/RUDRA-PRATAP-SINGH01/Distributed-Rate-Limiter/cmd/sidecar/main.go:628.2,635.24 8 0
github.com/RUDRA-PRATAP-SINGH01/Distributed-Rate-Limiter/cmd/sidecar/main.go:635.24,637.3 1 0
github.com/RUDRA-PRATAP-SINGH01/Distributed-Rate-Limiter/cmd/sidecar/main.go:638.2,640.28 2 0
github.com/RUDRA-PRATAP-SINGH01/Distributed-Rate-Limiter/cmd/sidecar/main.go:640.28,642.3 1 0
github.com/RUDRA-PRATAP-SINGH01/Distributed-Rate-Limiter/cmd/sidecar/main.go:644.2,645.43 2 0
github.com/RUDRA-PRATAP-SINGH01/Distributed-Rate-Limiter/cmd/sidecar/main.go:645.43,647.3 1 0
github.com/RUDRA-PRATAP-SINGH01/Distributed-Rate-Limiter/cmd/sidecar/main.go:649.2,651.72 3 0
github.com/RUDRA-PRATAP-SINGH01/Distributed-Rate-Limiter/cmd/sidecar/main.go:651.72,653.3 1 0
github.com/RUDRA-PRATAP-SINGH01/Distributed-Rate-Limiter/cmd/sidecar/main.go:655.2,662.16 4 0
github.com/RUDRA-PRATAP-SINGH01/Distributed-Rate-Limiter/cmd/sidecar/main.go:662.16,664.3 1 0
github.com/RUDRA-PRATAP-SINGH01/Distributed-Rate-Limiter/cmd/sidecar/main.go:666.2,666.47 1 0
github.com/RUDRA-PRATAP-SINGH01/Distributed-Rate-Limiter/cmd/sidecar/main.go:666.47,670.61 4 0
github.com/RUDRA-PRATAP-SINGH01/Distributed-Rate-Limiter/cmd/sidecar/main.go:670.61,671.70 1 0
github.com/RUDRA-PRATAP-SINGH01/Distributed-Rate-Limiter/cmd/sidecar/main.go:671.70,673.5 1 0
github.com/RUDRA-PRATAP-SINGH01/Distributed-Rate-Limiter/cmd/sidecar/main.go:675.3,675.66 1 0
github.com/RUDRA-PRATAP-SINGH01/Distributed-Rate-Limiter/cmd/sidecar/main.go:675.66,676.70 1 0
github.com/RUDRA-PRATAP-SINGH01/Distributed-Rate-Limiter/cmd/sidecar/main.go:676.70,678.5 1 0
github.com/RUDRA-PRATAP-SINGH01/Distributed-Rate-Limiter/cmd/sidecar/main.go:680.3,680.64 1 0
github.com/RUDRA-PRATAP-SINGH01/Distributed-Rate-Limiter/cmd/sidecar/main.go:680.64,681.68 1 0
github.com/RUDRA-PRATAP-SINGH01/Distributed-Rate-Limiter/cmd/sidecar/main.go:681.68,683.5 1 0
github.com/RUDRA-PRATAP-SINGH01/Distributed-Rate-Limiter/cmd/sidecar/main.go:685.3,686.53 2 0
github.com/RUDRA-PRATAP-SINGH01/Distributed-Rate-Limiter/cmd/sidecar/main.go:686.53,689.4 2 0
github.com/RUDRA-PRATAP-SINGH01/Distributed-Rate-Limiter/cmd/sidecar/main.go:690.3,690.117 1 0
github.com/RUDRA-PRATAP-SINGH01/Distributed-Rate-Limiter/cmd/sidecar/main.go:693.2,693.43 1 0
github.com/RUDRA-PRATAP-SINGH01/Distributed-Rate-Limiter/cmd/sidecar/main.go:693.43,703.25 10 0
github.com/RUDRA-PRATAP-SINGH01/Distributed-Rate-Limiter/cmd/sidecar/main.go:703.25,705.4 1 0
github.com/RUDRA-PRATAP-SINGH01/Distributed-Rate-Limiter/cmd/sidecar/main.go:706.3,706.69 1 0
github.com/RUDRA-PRATAP-SINGH01/Distributed-Rate-Limiter/cmd/sidecar/main.go:706.69,708.4 1 0
github.com/RUDRA-PRATAP-SINGH01/Distributed-Rate-Limiter/cmd/sidecar/main.go:709.3,711.76 3 0
github.com/RUDRA-PRATAP-SINGH01/Distributed-Rate-Limiter/cmd/sidecar/main.go:714.2,716.73 3 0
github.com/RUDRA-PRATAP-SINGH01/Distributed-Rate-Limiter/cmd/sidecar/main.go:716.73,719.17 3 0
github.com/RUDRA-PRATAP-SINGH01/Distributed-Rate-Limiter/cmd/sidecar/main.go:719.17,723.4 3 0
github.com/RUDRA-PRATAP-SINGH01/Distributed-Rate-Limiter/cmd/sidecar/main.go:724.3,727.39 3 0
github.com/RUDRA-PRATAP-SINGH01/Distributed-Rate-Limiter/cmd/sidecar/main.go:727.39,731.4 3 0
github.com/RUDRA-PRATAP-SINGH01/Distributed-Rate-Limiter/cmd/sidecar/main.go:732.3,733.68 2 0
github.com/RUDRA-PRATAP-SINGH01/Distributed-Rate-Limiter/cmd/sidecar/main.go:735.2,738.16 3 0
github.com/RUDRA-PRATAP-SINGH01/Distributed-Rate-Limiter/cmd/sidecar/main.go:738.16,740.3 1 0
github.com/RUDRA-PRATAP-SINGH01/Distributed-Rate-Limiter/cmd/sidecar/main.go:742.2,745.21 3 0
github.com/RUDRA-PRATAP-SINGH01/Distributed-Rate-Limiter/cmd/sidecar/main.go:745.21,747.3 1 0
github.com/RUDRA-PRATAP-SINGH01/Distributed-Rate-Limiter/cmd/sidecar/main.go:748.2,762.12 6 0
github.com/RUDRA-PRATAP-SINGH01/Distributed-Rate-Limiter/cmd/sidecar/main.go:762.12,764.20 2 0
github.com/RUDRA-PRATAP-SINGH01/Distributed-Rate-Limiter/cmd/sidecar/main.go:764.20,766.4 1 0
github.com/RUDRA-PRATAP-SINGH01/Distributed-Rate-Limiter/cmd/sidecar/main.go:766.9,768.4 1 0
github.com/RUDRA-PRATAP-SINGH01/Distributed-Rate-Limiter/cmd/sidecar/main.go:769.3,769.48 1 0
github.com/RUDRA-PRATAP-SINGH01/Distributed-Rate-Limiter/cmd/sidecar/main.go:769.48,771.4 1 0
github.com/RUDRA-PRATAP-SINGH01/Distributed-Rate-Limiter/cmd/sidecar/main.go:774.2,782.50 7 0
github.com/RUDRA-PRATAP-SINGH01/Distributed-Rate-Limiter/cmd/sidecar/main.go:782.50,784.3 1 0
github.com/RUDRA-PRATAP-SINGH01/Distributed-Rate-Limiter/cmd/sidecar/main.go:785.2,785.31 1 0
github.com/RUDRA-PRATAP-SINGH01/Distributed-Rate-Limiter/cmd/sidecar/main.go:788.74,790.62 2 0
github.com/RUDRA-PRATAP-SINGH01/Distributed-Rate-Limiter/cmd/sidecar/main.go:790.62,792.3 1 0
github.com/RUDRA-PRATAP-SINGH01/Distributed-Rate-Limiter/cmd/sidecar/main.go:793.2,793.73 1 0
github.com/RUDRA-PRATAP-SINGH01/Distributed-Rate-Limiter/cmd/sidecar/main.go:793.73,795.3 1 0
github.com/RUDRA-PRATAP-SINGH01/Distributed-Rate-Limiter/cmd/sidecar/main.go:796.2,797.46 2 0
github.com/RUDRA-PRATAP-SINGH01/Distributed-Rate-Limiter/cmd/sidecar/main.go:797.46,799.3 1 0
github.com/RUDRA-PRATAP-SINGH01/Distributed-Rate-Limiter/cmd/sidecar/main.go:800.2,800.21 1 0
github.com/RUDRA-PRATAP-SINGH01/Distributed-Rate-Limiter/cmd/sidecar/main.go:800.21,801.56 1 0
github.com/RUDRA-PRATAP-SINGH01/Distributed-Rate-Limiter/cmd/sidecar/main.go:801.56,803.4 1 0
github.com/RUDRA-PRATAP-SINGH01/Distributed-Rate-Limiter/cmd/sidecar/main.go:805.2,806.12 2 0
